// Jest Snapshot v1, https://goo.gl/fbAQLP

exports[`AddProperty renders correctly 1`] = `
<DocumentFragment>
  <div>
    <h3>
      Add Property Page
    </h3>
  </div>
</DocumentFragment>
`;
