// Jest Snapshot v1, https://goo.gl/fbAQLP

exports[`Properties renders correctly 1`] = `
<DocumentFragment>
  <div
    class="properties-header"
  >
    <h1>
      Properties
    </h1>
    <div
      class="properties"
    />
  </div>
</DocumentFragment>
`;
